
> react_avyona_new@1.0.0 dev
> vite


  [32m[1mVITE[22m v5.4.21[39m  [2mready in [0m[1m485[22m[2m[0m ms[22m

  [32m➜[39m  [1mLocal[22m:   [36mhttp://localhost:[1m5173[22m/[39m
  [32m➜[39m  [1mNetwork[22m: [36mhttp://192.168.1.221:[1m5173[22m/[39m
[2m[32m  ➜[39m[22m[2m  press [22m[1mh + enter[22m[2m to show help[22m
[2m10:13:45 am[22m [36m[1m[vite][22m[39m [32mhmr update [39m[2m/src/index.css[22m
[2m10:13:52 am[22m [36m[1m[vite][22m[39m [32mhmr update [39m[2m/src/index.css[22m
[2m10:14:01 am[22m [36m[1m[vite][22m[39m [32mhmr update [39m[2m/src/index.css[22m
[2m10:14:08 am[22m [36m[1m[vite][22m[39m [32mhmr update [39m[2m/src/index.css[22m
[2m10:14:11 am[22m [36m[1m[vite][22m[39m [32mhmr update [39m[2m/src/index.css[22m
[2m10:14:17 am[22m [36m[1m[vite][22m[39m [32mhmr update [39m[2m/src/index.css[22m
[2m10:17:44 am[22m [36m[1m[vite][22m[39m [32mpage reload [39m[2msrc/data/storefront-content.js[22m
[2m10:17:51 am[22m [36m[1m[vite][22m[39m [32mpage reload [39m[2msrc/data/collection-data.js[22m
[2m10:17:57 am[22m [36m[1m[vite][22m[39m [32mpage reload [39m[2msrc/components/layout/SiteHeader.jsx[22m
[2m10:18:00 am[22m [36m[1m[vite][22m[39m [32mpage reload [39m[2msrc/components/layout/SiteFooter.jsx[22m
[2m10:18:26 am[22m [36m[1m[vite][22m[39m [32mpage reload [39m[2msrc/pages/Home.jsx[22m
[2m10:20:41 am[22m [36m[1m[vite][22m[39m [32mpage reload [39m[2msrc/utils/storefront.js[22m
[2m10:20:48 am[22m [36m[1m[vite][22m[39m [32mpage reload [39m[2msrc/data/storefront-content.js[22m
[2m10:21:03 am[22m [36m[1m[vite][22m[39m [32mpage reload [39m[2msrc/pages/CheckoutPage.jsx[22m
[2m10:21:29 am[22m [36m[1m[vite][22m[39m [32mpage reload [39m[2msrc/pages/AccountPage.jsx[22m
[2m10:21:59 am[22m [36m[1m[vite][22m[39m [32mpage reload [39m[2msrc/pages/ProfilePage.jsx[22m
[2m10:22:06 am[22m [36m[1m[vite][22m[39m [32mpage reload [39m[2msrc/pages/ProductPage.jsx[22m
[2m10:25:26 am[22m [36m[1m[vite][22m[39m [32mpage reload [39m[2msrc/components/layout/SiteHeader.jsx[22m
[2m10:29:24 am[22m [36m[1m[vite][22m[39m [32mpage reload [39m[2msrc/components/layout/SiteHeader.jsx[22m
[2m10:29:31 am[22m [36m[1m[vite][22m[39m [32mpage reload [39m[2msrc/components/layout/SiteHeader.jsx[22m
